[score_coco] rasterising GT at 2048^2 (once, shared) ...
[score_coco] preds_restor_rpn2000_r2048.json: 99545 dets >= 0.05
creating index...
index created!
Loading and preparing results...
DONE (t=0.02s)
creating index...
index created!
Running per image evaluation...
Evaluate annotation type *segm*
DONE (t=12.72s).
Accumulating evaluation results...
DONE (t=0.07s).
creating index...
index created!
Loading and preparing results...
DONE (t=0.02s)
creating index...
index created!
Running per image evaluation...
Evaluate annotation type *segm*
DONE (t=16.64s).
Accumulating evaluation results...
DONE (t=0.07s).
creating index...
index created!
Loading and preparing results...
DONE (t=0.02s)
creating index...
index created!
Running per image evaluation...
Evaluate annotation type *bbox*
DONE (t=16.17s).
Accumulating evaluation results...
DONE (t=0.07s).
{
  "preds_file": "boxinst_commonality_tcd_04/native_raster/preds_restor_rpn2000_r2048.json",
  "model": "Restor Mask R-CNN R50-FPN (restor/tcd-mask-rcnn-r50), whole 2048 tiles, released checkpoint",
  "protocol": {
    "scorer": "pycocotools COCOeval",
    "res": 2048,
    "max_dets": 600,
    "score_floor": 0.05,
    "n_tiles": 439,
    "iou_thrs": "linspace(0.5,0.95,10)",
    "rec_thrs": 101,
    "area_rng": "all only"
  },
  "n_gt_trees": 25705,
  "canopy_fp": {
    "mask": {
      "AP50": 0.553,
      "AP75": 0.2625,
      "AP50_95": 0.2884,
      "n_det": 99545
    }
  },
  "canopy_neutral_crowd": {
    "mask": {
      "AP50": 0.6714,
      "AP75": 0.3036,
      "AP50_95": 0.3427,
      "n_det": 99545
    },
    "box": {
      "AP50": 0.6858,
      "AP75": 0.3466,
      "AP50_95": 0.3642,
      "n_det": 99545
    }
  },
  "canopy_neutral_legacy": {
    "mask": {
      "AP50": 0.6727,
      "AP75": 0.3067,
      "AP50_95": 0.3447,
      "n_gt": 25705
    }
  }
}

-> boxinst_commonality_tcd_04/native_raster/scored_restor_rpn2000_r2048_pooled.json
