[score_coco] rasterising GT at 2048^2 (once, shared) ...
[score_coco] preds_restor_rpn512_r2048.json: 61182 dets >= 0.05
creating index...
index created!
Loading and preparing results...
DONE (t=0.01s)
creating index...
index created!
Running per image evaluation...
Evaluate annotation type *segm*
DONE (t=7.99s).
Accumulating evaluation results...
DONE (t=0.04s).
creating index...
index created!
Loading and preparing results...
DONE (t=0.01s)
creating index...
index created!
Running per image evaluation...
Evaluate annotation type *segm*
DONE (t=10.16s).
Accumulating evaluation results...
DONE (t=0.04s).
creating index...
index created!
Loading and preparing results...
DONE (t=0.01s)
creating index...
index created!
Running per image evaluation...
Evaluate annotation type *bbox*
DONE (t=9.95s).
Accumulating evaluation results...
DONE (t=0.05s).
{
  "preds_file": "boxinst_commonality_tcd_04/native_raster/preds_restor_rpn512_r2048.json",
  "model": "Restor Mask R-CNN R50-FPN (restor/tcd-mask-rcnn-r50), whole 2048 tiles, released checkpoint",
  "protocol": {
    "scorer": "pycocotools COCOeval",
    "res": 2048,
    "max_dets": 600,
    "score_floor": 0.05,
    "n_tiles": 439,
    "iou_thrs": "linspace(0.5,0.95,10)",
    "rec_thrs": 101,
    "area_rng": "all only"
  },
  "n_gt_trees": 25705,
  "canopy_fp": {
    "mask": {
      "AP50": 0.4926,
      "AP75": 0.2456,
      "AP50_95": 0.2629,
      "n_det": 61182
    }
  },
  "canopy_neutral_crowd": {
    "mask": {
      "AP50": 0.5801,
      "AP75": 0.2785,
      "AP50_95": 0.3045,
      "n_det": 61182
    },
    "box": {
      "AP50": 0.5862,
      "AP75": 0.317,
      "AP50_95": 0.3209,
      "n_det": 61182
    }
  },
  "canopy_neutral_legacy": {
    "mask": {
      "AP50": 0.5809,
      "AP75": 0.2808,
      "AP50_95": 0.3059,
      "n_gt": 25705
    }
  }
}

-> boxinst_commonality_tcd_04/native_raster/scored_restor_rpn512_r2048_pooled.json
