[restor-native] start  OUT_DIR=/vol/out/native_raster/restor_rpn1000_r2048  env={"torch": "2.1.0", "numpy": "1.26.0", "pillow": "10.0.1", "pycocotools": "?", "detectron2": "0.6", "cuda": "12.1", "gpu": "NVIDIA A100-SXM4-40GB"}
[restor-native] score_thr=0.05 dets=600 num_classes=2 min_size_test=0 max=2048 fmt=BGR rpn_pre=1000 rpn_post=1000
[restor-native] 439 tiles, 0 already on volume, 439 to do
  10/439 tiles this run (10/439 total)  tree=1092 canopy=355
  20/439 tiles this run (20/439 total)  tree=2663 canopy=1024
  30/439 tiles this run (30/439 total)  tree=3637 canopy=1375
  40/439 tiles this run (40/439 total)  tree=5222 canopy=1885
  50/439 tiles this run (50/439 total)  tree=6445 canopy=2326
  60/439 tiles this run (60/439 total)  tree=8100 canopy=2861
  70/439 tiles this run (70/439 total)  tree=9197 canopy=3391
  80/439 tiles this run (80/439 total)  tree=10340 canopy=3867
  90/439 tiles this run (90/439 total)  tree=12001 canopy=4390
  100/439 tiles this run (100/439 total)  tree=13121 canopy=4811
  110/439 tiles this run (110/439 total)  tree=13846 canopy=5189
  120/439 tiles this run (120/439 total)  tree=14928 canopy=5645
  130/439 tiles this run (130/439 total)  tree=16519 canopy=6324
  140/439 tiles this run (140/439 total)  tree=17714 canopy=6793
  150/439 tiles this run (150/439 total)  tree=19254 canopy=7439
  160/439 tiles this run (160/439 total)  tree=20531 canopy=7997
  170/439 tiles this run (170/439 total)  tree=21957 canopy=8619
  180/439 tiles this run (180/439 total)  tree=22788 canopy=8879
  190/439 tiles this run (190/439 total)  tree=23873 canopy=9416
  200/439 tiles this run (200/439 total)  tree=25328 canopy=10018
  210/439 tiles this run (210/439 total)  tree=26418 canopy=10425
  220/439 tiles this run (220/439 total)  tree=28119 canopy=11135
  230/439 tiles this run (230/439 total)  tree=29393 canopy=11644
  240/439 tiles this run (240/439 total)  tree=30461 canopy=12085
  250/439 tiles this run (250/439 total)  tree=31854 canopy=12650
  260/439 tiles this run (260/439 total)  tree=33400 canopy=13131
  270/439 tiles this run (270/439 total)  tree=35050 canopy=13902
  280/439 tiles this run (280/439 total)  tree=36309 canopy=14443
  290/439 tiles this run (290/439 total)  tree=37585 canopy=14979
  300/439 tiles this run (300/439 total)  tree=38786 canopy=15503
  310/439 tiles this run (310/439 total)  tree=40691 canopy=16343
  320/439 tiles this run (320/439 total)  tree=41936 canopy=16842
  330/439 tiles this run (330/439 total)  tree=43526 canopy=17584
  340/439 tiles this run (340/439 total)  tree=45205 canopy=18348
  350/439 tiles this run (350/439 total)  tree=46292 canopy=18735
  360/439 tiles this run (360/439 total)  tree=47744 canopy=19350
  370/439 tiles this run (370/439 total)  tree=49057 canopy=19857
  380/439 tiles this run (380/439 total)  tree=50240 canopy=20353
  390/439 tiles this run (390/439 total)  tree=50896 canopy=20590
  400/439 tiles this run (400/439 total)  tree=52124 canopy=21158
  410/439 tiles this run (410/439 total)  tree=53520 canopy=21589
  420/439 tiles this run (420/439 total)  tree=54465 canopy=21943
  430/439 tiles this run (430/439 total)  tree=55587 canopy=22456
  439/439 tiles this run (439/439 total)  tree=56438 canopy=22763
[restor-native] predict done
[restor-native] wrote /vol/out/native_raster/restor_rpn1000_r2048/preds_restor_rpn1000_r2048.json: 439 tiles, 56438 tree, 22763 canopy
[restor-native] wrote /vol/out/native_raster/restor_rpn1000_r2048/preds_restor_rpn1000_r512_incontainer.json: 439 tiles, 56438 tree, 22763 canopy
