✓ Initialized. View run at 
https://modal.com/apps/tomdpitts/main/ap-ivzvMu8P4VZtPBdnW4fXdu
✓ Created objects.
├── 🔨 Created mount 
│   /Users/tompitts/dphil/CanopyAI2/boxinst_commonality_tcd_04/modal_sparse_tcd_
│   multiseed/sparse_modal.py
├── 🔨 Created mount 
│   /Users/tompitts/dphil/CanopyAI2/boxinst_commonality_tcd_04/modal_tcd_multise
│   ed/phase4/stubs/boxinst_tcd/prepare.py
├── 🔨 Created mount 
│   /Users/tompitts/dphil/CanopyAI2/boxinst_commonality_tcd_04/modal_tcd_multise
│   ed/phase4/stubs/boxinst_tcd/cache.py
├── 🔨 Created mount 
│   /Users/tompitts/dphil/CanopyAI2/boxinst_commonality_tcd_04/modal_tcd_multise
│   ed/phase4/stubs/boxinst_tcd/build_canopy.py
├── 🔨 Created mount 
│   /Users/tompitts/dphil/CanopyAI2/boxinst_commonality_tcd_04/modal_tcd_multise
│   ed/phase4/stubs/boxinst_commonality/em.py
├── 🔨 Created mount 
│   /Users/tompitts/dphil/CanopyAI2/boxinst_commonality_tcd_04/modal_tcd_multise
│   ed/phase4/stubs/boxinst_commonality/__init__.py
├── 🔨 Created mount 
│   /Users/tompitts/dphil/CanopyAI2/boxinst_commonality_tcd_04/modal_tcd_multise
│   ed/phase4/stubs/boxinst_tcd/__init__.py
├── 🔨 Created mount 
│   /Users/tompitts/dphil/CanopyAI2/boxinst_commonality_tcd_04/modal_tcd_multise
│   ed/phase4/stubs/boxinst/cache_feats.py
├── 🔨 Created mount 
│   /Users/tompitts/dphil/CanopyAI2/boxinst_commonality_tcd_04/modal_tcd_multise
│   ed/phase4/stubs/boxinst/__init__.py
├── 🔨 Created mount 
│   /Users/tompitts/dphil/CanopyAI2/data/tcd_sparse/slice_manifest.json
├── 🔨 Created mount 
│   /Users/tompitts/dphil/CanopyAI2/boxinst_commonality_tcd_04/modal_sparse_tcd_
│   multiseed/manifest_sparse.json
├── 🔨 Created mount 
│   /Users/tompitts/dphil/CanopyAI2/boxinst_commonality_tcd_04/modal_sparse_tcd_
│   multiseed/__init__.py
├── 🔨 Created mount 
│   /Users/tompitts/dphil/CanopyAI2/boxinst_commonality_tcd_04/modal_tcd_multise
│   ed/phase4/manifest.json
├── 🔨 Created mount 
│   /Users/tompitts/dphil/CanopyAI2/data/tcd_sparse/sparse_gt.json
├── 🔨 Created mount 
│   /Users/tompitts/dphil/CanopyAI2/boxinst_commonality_tcd_04/modal_tcd_multise
│   ed/phase4/ref_feat_tcd.npz
├── 🔨 Created mount 
│   /Users/tompitts/dphil/CanopyAI2/boxinst_commonality_tcd_04/modal_tcd_multise
│   ed/phase4/phase4_fit_tcd.py
├── 🔨 Created mount 
│   /Users/tompitts/dphil/CanopyAI2/boxinst_commonality_tcd_04/modal_tcd_multise
│   ed/phase4/phase4_lib_tcd.py
├── 🔨 Created mount 
│   /Users/tompitts/dphil/CanopyAI2/boxinst_commonality_tcd_04/modal_tcd_multise
│   ed/phase4/phase4_features_tcd.py
├── 🔨 Created mount 
│   /Users/tompitts/dphil/CanopyAI2/boxinst_commonality_tcd_04/modal_tcd_multise
│   ed/phase4/__init__.py
├── 🔨 Created mount 
│   /Users/tompitts/dphil/CanopyAI2/boxinst_commonality_tcd_04/modal_tcd_multise
│   ed/__init__.py
├── 🔨 Created mount 
│   /Users/tompitts/dphil/CanopyAI2/boxinst_commonality_tcd_04/vault/em_model.np
│   z
├── 🔨 Created mount 
│   /Users/tompitts/dphil/CanopyAI2/boxinst_commonality_tcd_04/train_tiles_gt.js
│   on
├── 🔨 Created mount 
│   /Users/tompitts/dphil/CanopyAI2/boxinst_commonality_tcd_04/test_gt.json
├── 🔨 Created mount 
│   /Users/tompitts/dphil/CanopyAI2/boxinst_commonality_tcd_04/cache_train_tiles
│   .py
├── 🔨 Created mount 
│   /Users/tompitts/dphil/CanopyAI2/boxinst_commonality_tcd_04/cache_test.py
├── 🔨 Created mount 
│   /Users/tompitts/dphil/CanopyAI2/boxinst_commonality_tcd_04/prepare_test.py
├── 🔨 Created mount 
│   /Users/tompitts/dphil/CanopyAI2/boxinst_commonality_tcd_04/em.py
├── 🔨 Created mount 
│   /Users/tompitts/dphil/CanopyAI2/boxinst_commonality_tcd_04/evaluate.py
├── 🔨 Created mount 
│   /Users/tompitts/dphil/CanopyAI2/boxinst_commonality_tcd_04/train_detector_ti
│   les.py
├── 🔨 Created mount 
│   /Users/tompitts/dphil/CanopyAI2/boxinst_commonality_tcd_04/detector.py
├── 🔨 Created mount 
│   /Users/tompitts/dphil/CanopyAI2/boxinst_commonality_tcd_04/__init__.py
├── 🔨 Created mount /Users/tompitts/dphil/CanopyAI2/dapt/head.py
├── 🔨 Created mount /Users/tompitts/dphil/CanopyAI2/dapt/eval.py
├── 🔨 Created mount /Users/tompitts/dphil/CanopyAI2/dapt/decode.py
├── 🔨 Created mount /Users/tompitts/dphil/CanopyAI2/dapt/targets.py
├── 🔨 Created mount /Users/tompitts/dphil/CanopyAI2/dapt/backbone.py
├── 🔨 Created mount /Users/tompitts/dphil/CanopyAI2/dapt/__init__.py
├── 🔨 Created function verify.
├── 🔨 Created function extract_4p.
├── 🔨 Created function eval_sparse.
├── 🔨 Created function band_sparse.
└── 🔨 Created function score_subsets.
[band_sparse] gpu=NVIDIA A100-SXM4-40GB seeds=[0, 1, 2] mask_thr=0.25 em=em_model_4p_fix.npz n_tiles=236
[band_sparse] seed 0: results exist -> reuse
[eval_selfmask] 236 tiles (op_thr=0.35, masker s=8)
  50/236 tiles
  100/236 tiles
  150/236 tiles
  200/236 tiles
  236/236 tiles
{
  "variant": "4phase_L24_selfmask",
  "scale": "single",
  "op_thr": 0.35,
  "mask_thr": 0.25,
  "em": "em_model_4p_fix.npz",
  "n_tiles": 236,
  "n_gt_trees": 14937,
  "mask_mAP50": 0.6476,
  "mask_mAP50_95": 0.2828,
  "box_mAP50": 0.6176,
  "box_mAP50_95": 0.2652,
  "box_minus_mask_mAP50": -0.03,
  "detection": {
    "box_mAP50": 0.6176,
    "box_mAP40": 0.6794,
    "box_mAP50_95": 0.2652,
    "iou0.40": {
      "op": {
        "P": 0.7241,
        "R": 0.6522,
        "F1": 0.6863
      },
      "best": {
        "P": 0.695,
        "R": 0.6913,
        "F1": 0.6931,
        "thr": 0.33
      },
      "maxR": 0.8586
    },
    "iou0.50": {
      "op": {
        "P": 0.6888,
        "R": 0.6204,
        "F1": 0.6528
      },
      "best": {
        "P": 0.6599,
        "R": 0.6541,
        "F1": 0.657,
        "thr": 0.331
      },
      "maxR": 0.7925
    }
  },
  "instance_seg": {
    "mask_mAP50": 0.6476,
    "mask_mAP50_95": 0.2828,
    "iou0.50": {
      "op": {
        "P": 0.7066,
        "R": 0.6359,
        "F1": 0.6694
      },
      "best": {
        "P": 0.6763,
        "R": 0.6718,
        "F1": 0.674,
        "thr": 0.33
      },
      "maxR": 0.8223
    }
  },
  "semantic_F1": 0.6207,
  "semantic_P": 0.7952,
  "semantic_R": 0.509,
  "best_epoch": 15
}
[eval_selfmask] mask_thr=0.25 INSTANCE-SEG mask mAP50=0.6476 mAP50-95=0.2828 (β=0@0.5 was 0.5794/0.1948)
[eval_selfmask] saved predictions (236 tiles, boxes+masks) -> /vol/out/preds_sparse_L24_s1/preds.json
[band_sparse] seed 1: mask=0.6476/0.2828 box=0.6176 (6.9min)
[eval_selfmask] 236 tiles (op_thr=0.35, masker s=8)
  50/236 tiles
  100/236 tiles
  150/236 tiles
  200/236 tiles
  236/236 tiles
{
  "variant": "4phase_L24_selfmask",
  "scale": "single",
  "op_thr": 0.35,
  "mask_thr": 0.25,
  "em": "em_model_4p_fix.npz",
  "n_tiles": 236,
  "n_gt_trees": 14937,
  "mask_mAP50": 0.6504,
  "mask_mAP50_95": 0.287,
  "box_mAP50": 0.6311,
  "box_mAP50_95": 0.2867,
  "box_minus_mask_mAP50": -0.0193,
  "detection": {
    "box_mAP50": 0.6311,
    "box_mAP40": 0.6881,
    "box_mAP50_95": 0.2867,
    "iou0.40": {
      "op": {
        "P": 0.6767,
        "R": 0.7225,
        "F1": 0.6989
      },
      "best": {
        "P": 0.6927,
        "R": 0.7072,
        "F1": 0.6999,
        "thr": 0.359
      },
      "maxR": 0.8675
    },
    "iou0.50": {
      "op": {
        "P": 0.644,
        "R": 0.6876,
        "F1": 0.665
      },
      "best": {
        "P": 0.6722,
        "R": 0.6647,
        "F1": 0.6684,
        "thr": 0.365
      },
      "maxR": 0.8085
    }
  },
  "instance_seg": {
    "mask_mAP50": 0.6504,
    "mask_mAP50_95": 0.287,
    "iou0.50": {
      "op": {
        "P": 0.6568,
        "R": 0.6996,
        "F1": 0.6775
      },
      "best": {
        "P": 0.6848,
        "R": 0.6758,
        "F1": 0.6803,
        "thr": 0.365
      },
      "maxR": 0.8255
    }
  },
  "semantic_F1": 0.702,
  "semantic_P": 0.7629,
  "semantic_R": 0.6501,
  "best_epoch": 20
}
[eval_selfmask] mask_thr=0.25 INSTANCE-SEG mask mAP50=0.6504 mAP50-95=0.287 (β=0@0.5 was 0.5794/0.1948)
[eval_selfmask] saved predictions (236 tiles, boxes+masks) -> /vol/out/preds_sparse_L24_s2/preds.json
[band_sparse] seed 2: mask=0.6504/0.287 box=0.6311 (6.4min)
[band_sparse] total 13.4 min
[band_sparse] {'mask_mAP50': (0.656, 0.0099), 'mask_mAP50_95': (0.2885, 0.0054), 'box_mAP50': (0.631, 0.0109)}
Stopping app - local entrypoint completed.
Runner terminated.
✓ App completed. View run at 
https://modal.com/apps/tomdpitts/main/ap-ivzvMu8P4VZtPBdnW4fXdu
