✓ Initialized. View run at 
https://modal.com/apps/tomdpitts/main/ap-TnoSDRlCs8NUNyVhKZtbd6
✓ Created objects.
├── 🔨 Created mount 
│   /Users/tompitts/dphil/CanopyAI2/boxinst_commonality_tcd_04/modal_sparse_tcd_
│   multiseed/sparse_modal.py
├── 🔨 Created mount 
│   /Users/tompitts/dphil/CanopyAI2/boxinst_commonality_tcd_04/modal_tcd_multise
│   ed/phase4/stubs/boxinst_tcd/prepare.py
├── 🔨 Created mount 
│   /Users/tompitts/dphil/CanopyAI2/boxinst_commonality_tcd_04/modal_tcd_multise
│   ed/phase4/stubs/boxinst_tcd/cache.py
├── 🔨 Created mount 
│   /Users/tompitts/dphil/CanopyAI2/boxinst_commonality_tcd_04/modal_tcd_multise
│   ed/phase4/stubs/boxinst_tcd/build_canopy.py
├── 🔨 Created mount 
│   /Users/tompitts/dphil/CanopyAI2/boxinst_commonality_tcd_04/modal_tcd_multise
│   ed/phase4/stubs/boxinst_commonality/em.py
├── 🔨 Created mount 
│   /Users/tompitts/dphil/CanopyAI2/boxinst_commonality_tcd_04/modal_tcd_multise
│   ed/phase4/stubs/boxinst/cache_feats.py
├── 🔨 Created mount 
│   /Users/tompitts/dphil/CanopyAI2/boxinst_commonality_tcd_04/modal_tcd_multise
│   ed/phase4/stubs/boxinst_tcd/__init__.py
├── 🔨 Created mount 
│   /Users/tompitts/dphil/CanopyAI2/boxinst_commonality_tcd_04/modal_tcd_multise
│   ed/phase4/stubs/boxinst/__init__.py
├── 🔨 Created mount 
│   /Users/tompitts/dphil/CanopyAI2/boxinst_commonality_tcd_04/modal_tcd_multise
│   ed/phase4/stubs/boxinst_commonality/__init__.py
├── 🔨 Created mount 
│   /Users/tompitts/dphil/CanopyAI2/data/tcd_sparse/slice_manifest.json
├── 🔨 Created mount 
│   /Users/tompitts/dphil/CanopyAI2/boxinst_commonality_tcd_04/modal_sparse_tcd_
│   multiseed/manifest_sparse.json
├── 🔨 Created mount 
│   /Users/tompitts/dphil/CanopyAI2/data/tcd_sparse/sparse_gt.json
├── 🔨 Created mount 
│   /Users/tompitts/dphil/CanopyAI2/boxinst_commonality_tcd_04/modal_sparse_tcd_
│   multiseed/__init__.py
├── 🔨 Created mount 
│   /Users/tompitts/dphil/CanopyAI2/boxinst_commonality_tcd_04/modal_tcd_multise
│   ed/phase4/manifest.json
├── 🔨 Created mount 
│   /Users/tompitts/dphil/CanopyAI2/boxinst_commonality_tcd_04/modal_tcd_multise
│   ed/phase4/phase4_fit_tcd.py
├── 🔨 Created mount 
│   /Users/tompitts/dphil/CanopyAI2/boxinst_commonality_tcd_04/modal_tcd_multise
│   ed/phase4/ref_feat_tcd.npz
├── 🔨 Created mount 
│   /Users/tompitts/dphil/CanopyAI2/boxinst_commonality_tcd_04/modal_tcd_multise
│   ed/phase4/phase4_lib_tcd.py
├── 🔨 Created mount 
│   /Users/tompitts/dphil/CanopyAI2/boxinst_commonality_tcd_04/modal_tcd_multise
│   ed/phase4/__init__.py
├── 🔨 Created mount 
│   /Users/tompitts/dphil/CanopyAI2/boxinst_commonality_tcd_04/modal_tcd_multise
│   ed/phase4/phase4_features_tcd.py
├── 🔨 Created mount 
│   /Users/tompitts/dphil/CanopyAI2/boxinst_commonality_tcd_04/modal_tcd_multise
│   ed/__init__.py
├── 🔨 Created mount 
│   /Users/tompitts/dphil/CanopyAI2/boxinst_commonality_tcd_04/vault/em_model.np
│   z
├── 🔨 Created mount 
│   /Users/tompitts/dphil/CanopyAI2/boxinst_commonality_tcd_04/train_tiles_gt.js
│   on
├── 🔨 Created mount 
│   /Users/tompitts/dphil/CanopyAI2/boxinst_commonality_tcd_04/test_gt.json
├── 🔨 Created mount 
│   /Users/tompitts/dphil/CanopyAI2/boxinst_commonality_tcd_04/cache_train_tiles
│   .py
├── 🔨 Created mount 
│   /Users/tompitts/dphil/CanopyAI2/boxinst_commonality_tcd_04/cache_test.py
├── 🔨 Created mount 
│   /Users/tompitts/dphil/CanopyAI2/boxinst_commonality_tcd_04/prepare_test.py
├── 🔨 Created mount 
│   /Users/tompitts/dphil/CanopyAI2/boxinst_commonality_tcd_04/em.py
├── 🔨 Created mount 
│   /Users/tompitts/dphil/CanopyAI2/boxinst_commonality_tcd_04/evaluate.py
├── 🔨 Created mount 
│   /Users/tompitts/dphil/CanopyAI2/boxinst_commonality_tcd_04/detector.py
├── 🔨 Created mount 
│   /Users/tompitts/dphil/CanopyAI2/boxinst_commonality_tcd_04/train_detector_ti
│   les.py
├── 🔨 Created mount 
│   /Users/tompitts/dphil/CanopyAI2/boxinst_commonality_tcd_04/__init__.py
├── 🔨 Created mount /Users/tompitts/dphil/CanopyAI2/dapt/head.py
├── 🔨 Created mount /Users/tompitts/dphil/CanopyAI2/dapt/eval.py
├── 🔨 Created mount /Users/tompitts/dphil/CanopyAI2/dapt/decode.py
├── 🔨 Created mount /Users/tompitts/dphil/CanopyAI2/dapt/targets.py
├── 🔨 Created mount /Users/tompitts/dphil/CanopyAI2/dapt/backbone.py
├── 🔨 Created mount /Users/tompitts/dphil/CanopyAI2/dapt/__init__.py
├── 🔨 Created function verify.
├── 🔨 Created function extract_4p.
├── 🔨 Created function eval_sparse.
├── 🔨 Created function band_sparse.
└── 🔨 Created function score_subsets.
[score_subsets] seed 0: {"all": 0.6699, "scene_clean": 0.6836, "train_pool": 0.6701, "scene_clean_and_train_pool": 0.6827, "biome_7": 0.6449, "biome_8": 0.6709, "biome_9": 0.5317, "biome_10": 0.1786, "biome_12": 0.709, "biome_13": 0.7346}
{
  "all": {
    "n_tiles": 236,
    "n_gt": 14937,
    "mask_mAP50": [
      0.6699,
      0.0
    ],
    "mask_mAP50_95": [
      0.2957,
      0.0
    ],
    "box_mAP50": [
      0.6442,
      0.0
    ]
  },
  "scene_clean": {
    "n_tiles": 106,
    "n_gt": 6590,
    "mask_mAP50": [
      0.6836,
      0.0
    ],
    "mask_mAP50_95": [
      0.3141,
      0.0
    ],
    "box_mAP50": [
      0.662,
      0.0
    ]
  },
  "train_pool": {
    "n_tiles": 220,
    "n_gt": 14560,
    "mask_mAP50": [
      0.6701,
      0.0
    ],
    "mask_mAP50_95": [
      0.2955,
      0.0
    ],
    "box_mAP50": [
      0.6442,
      0.0
    ]
  },
  "scene_clean_and_train_pool": {
    "n_tiles": 90,
    "n_gt": 6213,
    "mask_mAP50": [
      0.6827,
      0.0
    ],
    "mask_mAP50_95": [
      0.3145,
      0.0
    ],
    "box_mAP50": [
      0.66,
      0.0
    ]
  },
  "biome_7": {
    "n_tiles": 102,
    "n_gt": 4390,
    "mask_mAP50": [
      0.6449,
      0.0
    ],
    "mask_mAP50_95": [
      0.2828,
      0.0
    ],
    "box_mAP50": [
      0.6189,
      0.0
    ]
  },
  "biome_8": {
    "n_tiles": 31,
    "n_gt": 2064,
    "mask_mAP50": [
      0.6709,
      0.0
    ],
    "mask_mAP50_95": [
      0.2954,
      0.0
    ],
    "box_mAP50": [
      0.6533,
      0.0
    ]
  },
  "biome_9": {
    "n_tiles": 7,
    "n_gt": 223,
    "mask_mAP50": [
      0.5317,
      0.0
    ],
    "mask_mAP50_95": [
      0.2075,
      0.0
    ],
    "box_mAP50": [
      0.5829,
      0.0
    ]
  },
  "biome_10": {
    "n_tiles": 16,
    "n_gt": 260,
    "mask_mAP50": [
      0.1786,
      0.0
    ],
    "mask_mAP50_95": [
      0.0772,
      0.0
    ],
    "box_mAP50": [
      0.1785,
      0.0
    ]
  },
  "biome_12": {
    "n_tiles": 56,
    "n_gt": 5914,
    "mask_mAP50": [
      0.709,
      0.0
    ],
    "mask_mAP50_95": [
      0.3186,
      0.0
    ],
    "box_mAP50": [
      0.6829,
      0.0
    ]
  },
  "biome_13": {
    "n_tiles": 24,
    "n_gt": 2086,
    "mask_mAP50": [
      0.7346,
      0.0
    ],
    "mask_mAP50_95": [
      0.3247,
      0.0
    ],
    "box_mAP50": [
      0.6963,
      0.0
    ]
  }
}
Stopping app - local entrypoint completed.
✓ App completed. View run at 
https://modal.com/apps/tomdpitts/main/ap-TnoSDRlCs8NUNyVhKZtbd6
