Note that running a local entrypoint in detached mode only keeps the last triggered Modal function alive after the parent process has been killed or disconnected.
✓ Initialized. View run at 
https://modal.com/apps/tomdpitts/main/ap-i9c4bSNMhaoPVLk8im4YrH
✓ Created objects.
├── 🔨 Created mount 
│   /Users/tompitts/dphil/CanopyAI2/boxinst_commonality_tcd_04/modal_tcd_multise
│   ed/phase4_collapse/collapse_modal.py
├── 🔨 Created mount 
│   /Users/tompitts/dphil/CanopyAI2/boxinst_commonality_tcd_04/modal_tcd_multise
│   ed/phase4/stubs/boxinst_tcd/prepare.py
├── 🔨 Created mount 
│   /Users/tompitts/dphil/CanopyAI2/boxinst_commonality_tcd_04/modal_tcd_multise
│   ed/phase4/stubs/boxinst_tcd/cache.py
├── 🔨 Created mount 
│   /Users/tompitts/dphil/CanopyAI2/boxinst_commonality_tcd_04/modal_tcd_multise
│   ed/phase4/stubs/boxinst_tcd/__init__.py
├── 🔨 Created mount 
│   /Users/tompitts/dphil/CanopyAI2/boxinst_commonality_tcd_04/modal_tcd_multise
│   ed/phase4/stubs/boxinst_tcd/build_canopy.py
├── 🔨 Created mount 
│   /Users/tompitts/dphil/CanopyAI2/boxinst_commonality_tcd_04/modal_tcd_multise
│   ed/phase4/stubs/boxinst_commonality/em.py
├── 🔨 Created mount 
│   /Users/tompitts/dphil/CanopyAI2/boxinst_commonality_tcd_04/modal_tcd_multise
│   ed/phase4/stubs/boxinst_commonality/__init__.py
├── 🔨 Created mount 
│   /Users/tompitts/dphil/CanopyAI2/boxinst_commonality_tcd_04/modal_tcd_multise
│   ed/phase4/stubs/boxinst/cache_feats.py
├── 🔨 Created mount 
│   /Users/tompitts/dphil/CanopyAI2/boxinst_commonality_tcd_04/modal_tcd_multise
│   ed/phase4/stubs/boxinst/__init__.py
├── 🔨 Created mount 
│   /Users/tompitts/dphil/CanopyAI2/boxinst_commonality_tcd_04/modal_tcd_multise
│   ed/phase4_collapse/collapse_lib.py
├── 🔨 Created mount 
│   /Users/tompitts/dphil/CanopyAI2/boxinst_commonality_tcd_04/modal_tcd_multise
│   ed/phase4_collapse/__init__.py
├── 🔨 Created mount 
│   /Users/tompitts/dphil/CanopyAI2/boxinst_commonality_tcd_04/modal_tcd_multise
│   ed/phase4/val_gt.json
├── 🔨 Created mount 
│   /Users/tompitts/dphil/CanopyAI2/boxinst_commonality_tcd_04/modal_tcd_multise
│   ed/phase4/manifest.json
├── 🔨 Created mount 
│   /Users/tompitts/dphil/CanopyAI2/boxinst_commonality_tcd_04/modal_tcd_multise
│   ed/phase4/phase4_fit_tcd.py
├── 🔨 Created mount 
│   /Users/tompitts/dphil/CanopyAI2/boxinst_commonality_tcd_04/modal_tcd_multise
│   ed/phase4/phase4_lib_tcd.py
├── 🔨 Created mount 
│   /Users/tompitts/dphil/CanopyAI2/boxinst_commonality_tcd_04/modal_tcd_multise
│   ed/phase4/phase4_features_tcd.py
├── 🔨 Created mount 
│   /Users/tompitts/dphil/CanopyAI2/boxinst_commonality_tcd_04/modal_tcd_multise
│   ed/phase4/__init__.py
├── 🔨 Created mount 
│   /Users/tompitts/dphil/CanopyAI2/boxinst_commonality_tcd_04/modal_tcd_multise
│   ed/__init__.py
├── 🔨 Created mount 
│   /Users/tompitts/dphil/CanopyAI2/boxinst_commonality_tcd_04/vault/em_model.np
│   z
├── 🔨 Created mount 
│   /Users/tompitts/dphil/CanopyAI2/boxinst_commonality_tcd_04/test_gt.json
├── 🔨 Created mount 
│   /Users/tompitts/dphil/CanopyAI2/boxinst_commonality_tcd_04/train_tiles_gt.js
│   on
├── 🔨 Created mount 
│   /Users/tompitts/dphil/CanopyAI2/boxinst_commonality_tcd_04/cache_train_tiles
│   .py
├── 🔨 Created mount 
│   /Users/tompitts/dphil/CanopyAI2/boxinst_commonality_tcd_04/cache_test.py
├── 🔨 Created mount 
│   /Users/tompitts/dphil/CanopyAI2/boxinst_commonality_tcd_04/prepare_test.py
├── 🔨 Created mount 
│   /Users/tompitts/dphil/CanopyAI2/boxinst_commonality_tcd_04/em.py
├── 🔨 Created mount 
│   /Users/tompitts/dphil/CanopyAI2/boxinst_commonality_tcd_04/evaluate.py
├── 🔨 Created mount 
│   /Users/tompitts/dphil/CanopyAI2/boxinst_commonality_tcd_04/train_detector_ti
│   les.py
├── 🔨 Created mount 
│   /Users/tompitts/dphil/CanopyAI2/boxinst_commonality_tcd_04/detector.py
├── 🔨 Created mount 
│   /Users/tompitts/dphil/CanopyAI2/boxinst_commonality_tcd_04/__init__.py
├── 🔨 Created mount /Users/tompitts/dphil/CanopyAI2/dapt/eval.py
├── 🔨 Created mount /Users/tompitts/dphil/CanopyAI2/dapt/head.py
├── 🔨 Created mount /Users/tompitts/dphil/CanopyAI2/dapt/decode.py
├── 🔨 Created mount /Users/tompitts/dphil/CanopyAI2/dapt/targets.py
├── 🔨 Created mount /Users/tompitts/dphil/CanopyAI2/dapt/backbone.py
├── 🔨 Created mount /Users/tompitts/dphil/CanopyAI2/dapt/__init__.py
├── 🔨 Created function _eval_one.
└── 🔨 Created function _fit_one.
[factorial] fitting 2 missing cells at k=16 seed=0
[fit_masker_4p] 120 4-phase L24 tiles (g=256,s=8) pca=128 k=16 k_bg=12 beta=0.0 no_contrast=False -> /vol/collapse/k16_s0_b0_c1/em_k16_s0_b0_c1_fix.npz
[fit_masker_4p] 120 4-phase L24 tiles (g=256,s=8) pca=128 k=16 k_bg=12 beta=0.5 no_contrast=True -> /vol/collapse/k16_s0_b0.5_c0/em_k16_s0_b0.5_c0_fix.npz
  loaded 20/120
  loaded 20/120
  loaded 40/120
  loaded 60/120
  loaded 40/120
  loaded 80/120
  loaded 60/120
  loaded 100/120
  loaded 120/120
TCD train crops=120 grid=256 stride=8px origin=8.0px
  loaded 80/120
  loaded 100/120
  loaded 120/120
TCD train crops=120 grid=256 stride=8px origin=8.0px
PCA 128, whitened
bg mixture K_bg=12 on 6329268 clear + 190231 ring
EM over 9135 boxes / 444698 cells; size terciles [25.1 50.8]px
  it 5: mean P(fg)=0.672
  it10: mean P(fg)=0.678
  it15: mean P(fg)=0.680
  it20: mean P(fg)=0.682
  it25: mean P(fg)=0.683
  it30: mean P(fg)=0.684
saved /vol/collapse/k16_s0_b0_c1/em_k16_s0_b0_c1_fix.npz  (K=16)
[fit] k=16 s=0 b=0 contrast=True done in 4.8min
[fit] k=16 s=0: K_eff=16 rank=11.4339 cos=0.2342
PCA 128, whitened
bg mixture K_bg=12 on 6329268 clear + 190231 ring
EM over 9135 boxes / 444698 cells; size terciles [25.1 50.8]px
  it 5: mean P(fg)=0.890
  it10: mean P(fg)=0.878
  it15: mean P(fg)=0.877
  it20: mean P(fg)=0.877
  it25: mean P(fg)=0.878
  it30: mean P(fg)=0.878
saved /vol/collapse/k16_s0_b0.5_c0/em_k16_s0_b0.5_c0_fix.npz  (K=16)
[fit] k=16 s=0 b=0.5 contrast=False done in 8.0min

cell                    K_eff  eff rank  cos mean
k16_s0_b0_c1               16    11.434    0.2342
k16_s0_b0.5_c0             16     1.748    0.9919
[fit] k=16 s=0: K_eff=16 rank=1.7477 cos=0.9919
[eval_boxsource] gt boxes, 108 tiles, em=em_k16_s0_b0_c1_fix.npz
[eval_boxsource] pred boxes, 108 tiles, em=em_k16_s0_b0_c1_fix.npz
[eval_boxsource] gt boxes, 108 tiles, em=em_k16_s0_b0.5_c0_fix.npz
[eval_boxsource] pred boxes, 108 tiles, em=em_k16_s0_b0.5_c0_fix.npz
    25/108
    25/108
    50/108
    50/108
    25/108
    75/108
    75/108
    100/108
    108/108
    100/108
    108/108
    25/108
    50/108
    75/108
  -> crownIoU 0.7895  AP50 0.9693  AP50-95 0.5309
  -> crownIoU 0.7758  AP50 0.9825  AP50-95 0.5001
    100/108
    50/108
    108/108
    75/108
    100/108
    108/108
  -> crownIoU 0.7188  AP50 0.6406  AP50-95 0.268
  -> crownIoU 0.7063  AP50 0.6224  AP50-95 0.2498

arm                           crownIoU     AP50
k16_s0_b0_c1_gt                 0.7895   0.9693
k16_s0_b0_c1_pred               0.7188   0.6406
k16_s0_b0.5_c0_gt               0.7758   0.9825
k16_s0_b0.5_c0_pred             0.7063   0.6224

COMPONENT SPLIT (mean crown IoU)
  [gt  ] both off 0.7402 | recentring only 0.7895 | repulsion only 0.7758 | both on 0.7885
         recentring alone +0.0493   repulsion alone +0.0356   joint +0.0483
         -> RECENTRING dominates; interaction -0.0366
  [pred] both off 0.6717 | recentring only 0.7188 | repulsion only 0.7063 | both on 0.7193
         recentring alone +0.0471   repulsion alone +0.0346   joint +0.0476
         -> RECENTRING dominates; interaction -0.0341
✓ App completed. View run at 
https://modal.com/apps/tomdpitts/main/ap-i9c4bSNMhaoPVLk8im4YrH
