✓ Initialized. View run at 
https://modal.com/apps/tomdpitts/main/ap-Ujzk14Z3x7YxY9WU3lY4yu
✓ Created objects.
├── 🔨 Created mount 
│   /Users/tompitts/dphil/CanopyAI2/boxinst_commonality_tcd_04/modal_tcd_multise
│   ed/phase4_collapse/collapse_modal.py
├── 🔨 Created mount 
│   /Users/tompitts/dphil/CanopyAI2/boxinst_commonality_tcd_04/modal_tcd_multise
│   ed/phase4/stubs/boxinst_tcd/prepare.py
├── 🔨 Created mount 
│   /Users/tompitts/dphil/CanopyAI2/boxinst_commonality_tcd_04/modal_tcd_multise
│   ed/phase4/stubs/boxinst_tcd/cache.py
├── 🔨 Created mount 
│   /Users/tompitts/dphil/CanopyAI2/boxinst_commonality_tcd_04/modal_tcd_multise
│   ed/phase4/stubs/boxinst_tcd/build_canopy.py
├── 🔨 Created mount 
│   /Users/tompitts/dphil/CanopyAI2/boxinst_commonality_tcd_04/modal_tcd_multise
│   ed/phase4/stubs/boxinst_tcd/__init__.py
├── 🔨 Created mount 
│   /Users/tompitts/dphil/CanopyAI2/boxinst_commonality_tcd_04/modal_tcd_multise
│   ed/phase4/stubs/boxinst_commonality/__init__.py
├── 🔨 Created mount 
│   /Users/tompitts/dphil/CanopyAI2/boxinst_commonality_tcd_04/modal_tcd_multise
│   ed/phase4/stubs/boxinst/cache_feats.py
├── 🔨 Created mount 
│   /Users/tompitts/dphil/CanopyAI2/boxinst_commonality_tcd_04/modal_tcd_multise
│   ed/phase4/stubs/boxinst_commonality/em.py
├── 🔨 Created mount 
│   /Users/tompitts/dphil/CanopyAI2/boxinst_commonality_tcd_04/modal_tcd_multise
│   ed/phase4/stubs/boxinst/__init__.py
├── 🔨 Created mount 
│   /Users/tompitts/dphil/CanopyAI2/boxinst_commonality_tcd_04/modal_tcd_multise
│   ed/phase4_collapse/collapse_lib.py
├── 🔨 Created mount 
│   /Users/tompitts/dphil/CanopyAI2/boxinst_commonality_tcd_04/modal_tcd_multise
│   ed/phase4_collapse/__init__.py
├── 🔨 Created mount 
│   /Users/tompitts/dphil/CanopyAI2/boxinst_commonality_tcd_04/modal_tcd_multise
│   ed/phase4/val_gt.json
├── 🔨 Created mount 
│   /Users/tompitts/dphil/CanopyAI2/boxinst_commonality_tcd_04/modal_tcd_multise
│   ed/phase4/manifest.json
├── 🔨 Created mount 
│   /Users/tompitts/dphil/CanopyAI2/boxinst_commonality_tcd_04/modal_tcd_multise
│   ed/phase4/phase4_fit_tcd.py
├── 🔨 Created mount 
│   /Users/tompitts/dphil/CanopyAI2/boxinst_commonality_tcd_04/modal_tcd_multise
│   ed/phase4/phase4_lib_tcd.py
├── 🔨 Created mount 
│   /Users/tompitts/dphil/CanopyAI2/boxinst_commonality_tcd_04/modal_tcd_multise
│   ed/phase4/phase4_features_tcd.py
├── 🔨 Created mount 
│   /Users/tompitts/dphil/CanopyAI2/boxinst_commonality_tcd_04/modal_tcd_multise
│   ed/phase4/__init__.py
├── 🔨 Created mount 
│   /Users/tompitts/dphil/CanopyAI2/boxinst_commonality_tcd_04/modal_tcd_multise
│   ed/__init__.py
├── 🔨 Created mount 
│   /Users/tompitts/dphil/CanopyAI2/boxinst_commonality_tcd_04/vault/em_model.np
│   z
├── 🔨 Created mount 
│   /Users/tompitts/dphil/CanopyAI2/boxinst_commonality_tcd_04/train_tiles_gt.js
│   on
├── 🔨 Created mount 
│   /Users/tompitts/dphil/CanopyAI2/boxinst_commonality_tcd_04/test_gt.json
├── 🔨 Created mount 
│   /Users/tompitts/dphil/CanopyAI2/boxinst_commonality_tcd_04/cache_train_tiles
│   .py
├── 🔨 Created mount 
│   /Users/tompitts/dphil/CanopyAI2/boxinst_commonality_tcd_04/cache_test.py
├── 🔨 Created mount 
│   /Users/tompitts/dphil/CanopyAI2/boxinst_commonality_tcd_04/prepare_test.py
├── 🔨 Created mount 
│   /Users/tompitts/dphil/CanopyAI2/boxinst_commonality_tcd_04/em.py
├── 🔨 Created mount 
│   /Users/tompitts/dphil/CanopyAI2/boxinst_commonality_tcd_04/evaluate.py
├── 🔨 Created mount 
│   /Users/tompitts/dphil/CanopyAI2/boxinst_commonality_tcd_04/train_detector_ti
│   les.py
├── 🔨 Created mount 
│   /Users/tompitts/dphil/CanopyAI2/boxinst_commonality_tcd_04/detector.py
├── 🔨 Created mount 
│   /Users/tompitts/dphil/CanopyAI2/boxinst_commonality_tcd_04/__init__.py
├── 🔨 Created mount /Users/tompitts/dphil/CanopyAI2/dapt/eval.py
├── 🔨 Created mount /Users/tompitts/dphil/CanopyAI2/dapt/head.py
├── 🔨 Created mount /Users/tompitts/dphil/CanopyAI2/dapt/decode.py
├── 🔨 Created mount /Users/tompitts/dphil/CanopyAI2/dapt/targets.py
├── 🔨 Created mount /Users/tompitts/dphil/CanopyAI2/dapt/backbone.py
├── 🔨 Created mount /Users/tompitts/dphil/CanopyAI2/dapt/__init__.py
├── 🔨 Created function _fit_one.
└── 🔨 Created function _eval_one.
[fit_grid] 6 fits: k=[2, 16] x seed=[0, 1, 2] beta=0.5
[fit_masker_4p] 120 4-phase L24 tiles (g=256,s=8) pca=128 k=2 k_bg=12 beta=0.5 no_contrast=False -> /vol/collapse/k2_s0_b0.5/em_k2_s0_b0.5_fix.npz
[fit_masker_4p] 120 4-phase L24 tiles (g=256,s=8) pca=128 k=2 k_bg=12 beta=0.5 no_contrast=False -> /vol/collapse/k2_s1_b0.5/em_k2_s1_b0.5_fix.npz
[fit_masker_4p] 120 4-phase L24 tiles (g=256,s=8) pca=128 k=16 k_bg=12 beta=0.5 no_contrast=False -> /vol/collapse/k16_s0_b0.5/em_k16_s0_b0.5_fix.npz
[fit_masker_4p] 120 4-phase L24 tiles (g=256,s=8) pca=128 k=2 k_bg=12 beta=0.5 no_contrast=False -> /vol/collapse/k2_s2_b0.5/em_k2_s2_b0.5_fix.npz
[fit_masker_4p] 120 4-phase L24 tiles (g=256,s=8) pca=128 k=16 k_bg=12 beta=0.5 no_contrast=False -> /vol/collapse/k16_s2_b0.5/em_k16_s2_b0.5_fix.npz
[fit_masker_4p] 120 4-phase L24 tiles (g=256,s=8) pca=128 k=16 k_bg=12 beta=0.5 no_contrast=False -> /vol/collapse/k16_s1_b0.5/em_k16_s1_b0.5_fix.npz
  loaded 20/120
  loaded 20/120
  loaded 20/120
  loaded 20/120
  loaded 40/120
  loaded 40/120
  loaded 40/120
  loaded 20/120
  loaded 20/120
  loaded 40/120
  loaded 60/120  loaded 60/120

  loaded 60/120
  loaded 60/120
  loaded 80/120  loaded 80/120

  loaded 80/120
  loaded 40/120
  loaded 80/120
  loaded 40/120
  loaded 100/120  loaded 100/120

  loaded 100/120
  loaded 100/120
  loaded 120/120  loaded 120/120
TCD train crops=120 grid=256 stride=8px origin=8.0px

TCD train crops=120 grid=256 stride=8px origin=8.0px
  loaded 120/120
TCD train crops=120 grid=256 stride=8px origin=8.0px
  loaded 60/120
  loaded 60/120
  loaded 120/120
TCD train crops=120 grid=256 stride=8px origin=8.0px
  loaded 80/120
  loaded 80/120
  loaded 100/120  loaded 100/120

  loaded 120/120
TCD train crops=120 grid=256 stride=8px origin=8.0px
  loaded 120/120
TCD train crops=120 grid=256 stride=8px origin=8.0px
PCA 128, whitened
bg mixture K_bg=12 on 6329268 clear + 190231 ring
EM over 9135 boxes / 444698 cells; size terciles [25.1 50.8]px
  it 5: mean P(fg)=0.677
  it10: mean P(fg)=0.675
  it15: mean P(fg)=0.675
  it20: mean P(fg)=0.676
  it25: mean P(fg)=0.677
  it30: mean P(fg)=0.679
saved /vol/collapse/k2_s0_b0.5/em_k2_s0_b0.5_fix.npz  (K=2)
[fit] k=2 s=0 done in 6.4min
[fit] k=2 s=0: K_eff=2 rank=1.3004 cos=0.9875
PCA 128, whitened
bg mixture K_bg=12 on 6329268 clear + 190231 ring
EM over 9135 boxes / 444698 cells; size terciles [25.1 50.8]px
  it 5: mean P(fg)=0.676
  it10: mean P(fg)=0.676
  it15: mean P(fg)=0.677
  it20: mean P(fg)=0.675
  it25: mean P(fg)=0.676
  it30: mean P(fg)=0.677
saved /vol/collapse/k16_s0_b0.5/em_k16_s0_b0.5_fix.npz  (K=16)
[fit] k=16 s=0 done in 7.1min
[fit] k=16 s=0: K_eff=16 rank=1.6562 cos=0.9935
PCA 128, whitened
bg mixture K_bg=12 on 6329268 clear + 190231 ring
EM over 9135 boxes / 444698 cells; size terciles [25.1 50.8]px
  it 5: mean P(fg)=0.676
  it10: mean P(fg)=0.672
  it15: mean P(fg)=0.672
  it20: mean P(fg)=0.675
PCA 128, whitened
  it25: mean P(fg)=0.674
bg mixture K_bg=12 on 6329268 clear + 190231 ring
EM over 9135 boxes / 444698 cells; size terciles [25.1 50.8]px
  it30: mean P(fg)=0.673
saved /vol/collapse/k2_s2_b0.5/em_k2_s2_b0.5_fix.npz  (K=2)
[fit] k=2 s=2 done in 8.5min
[fit] k=2 s=2: K_eff=2 rank=1.3107 cos=0.9863
  it 5: mean P(fg)=0.672
  it10: prune -> K=15
  it10: mean P(fg)=0.674
  it15: mean P(fg)=0.678
  it20: mean P(fg)=0.677
  it25: mean P(fg)=0.677
  it30: mean P(fg)=0.677
saved /vol/collapse/k16_s1_b0.5/em_k16_s1_b0.5_fix.npz  (K=15)
[fit] k=16 s=1 done in 8.9min
[fit] k=16 s=1: K_eff=15 rank=1.8852 cos=0.9867
PCA 128, whitened
bg mixture K_bg=12 on 6329268 clear + 190231 ring
EM over 9135 boxes / 444698 cells; size terciles [25.1 50.8]px
[modal-client] 2026-08-21T15:05:59+1000 Loop attempt for _run_app.<locals>.heartbeat failed
Traceback (most recent call last):
  File "/Users/tompitts/dphil/CanopyAI2/.venv/lib/python3.10/site-packages/modal/_utils/async_utils.py", line 588, in loop_coro
    await asyncio.wait_for(async_f(), timeout=timeout)
  File "/Users/tompitts/.pyenv/versions/3.10.20/lib/python3.10/asyncio/tasks.py", line 445, in wait_for
    return fut.result()
  File "/Users/tompitts/dphil/CanopyAI2/.venv/lib/python3.10/site-packages/modal/runner.py", line 66, in _heartbeat
    await client.stub.AppHeartbeat(request, retry=Retry(attempt_timeout=HEARTBEAT_TIMEOUT))
  File "/Users/tompitts/dphil/CanopyAI2/.venv/lib/python3.10/site-packages/modal/_grpc_client.py", line 129, in __call__
    return await _retry_transient_errors(
  File "/Users/tompitts/dphil/CanopyAI2/.venv/lib/python3.10/site-packages/modal/_utils/grpc_utils.py", line 606, in _retry_transient_errors
    process_exception_before_retry(
  File "/Users/tompitts/dphil/CanopyAI2/.venv/lib/python3.10/site-packages/modal/_utils/grpc_utils.py", line 462, in process_exception_before_retry
    raise exc
  File "/Users/tompitts/dphil/CanopyAI2/.venv/lib/python3.10/site-packages/modal/_utils/grpc_utils.py", line 533, in _retry_transient_errors
    return await fn_callable(req, metadata=attempt_metadata, timeout=timeout)
  File "/Users/tompitts/dphil/CanopyAI2/.venv/lib/python3.10/site-packages/modal/_grpc_client.py", line 159, in direct
    return await self.client._call_unary(self.wrapped_method, req, timeout=timeout, metadata=metadata)
  File "/Users/tompitts/dphil/CanopyAI2/.venv/lib/python3.10/site-packages/modal/client.py", line 380, in _call_unary
    return await self._call_safely(coro, grpclib_method.name)
  File "/Users/tompitts/dphil/CanopyAI2/.venv/lib/python3.10/site-packages/modal/client.py", line 337, in _call_safely
    return await request_task
  File "/Users/tompitts/dphil/CanopyAI2/.venv/lib/python3.10/site-packages/grpclib/client.py", line 912, in __call__
    await stream.send_message(message, end=True)
  File "/Users/tompitts/dphil/CanopyAI2/.venv/lib/python3.10/site-packages/grpclib/client.py", line 242, in send_message
    await self.send_request()
  File "/Users/tompitts/dphil/CanopyAI2/.venv/lib/python3.10/site-packages/grpclib/client.py", line 175, in send_request
    stream = protocol.processor.connection\
  File "/Users/tompitts/dphil/CanopyAI2/.venv/lib/python3.10/site-packages/grpclib/protocol.py", line 208, in create_stream
    return Stream(self, self._connection, self._transport,
AttributeError: 'Connection' object has no attribute '_transport'
[modal-client] 2026-08-21T15:06:14+1000 Loop attempt for _run_app.<locals>.heartbeat failed
Traceback (most recent call last):
  File "/Users/tompitts/dphil/CanopyAI2/.venv/lib/python3.10/site-packages/modal/_utils/async_utils.py", line 588, in loop_coro
    await asyncio.wait_for(async_f(), timeout=timeout)
  File "/Users/tompitts/.pyenv/versions/3.10.20/lib/python3.10/asyncio/tasks.py", line 445, in wait_for
    return fut.result()
  File "/Users/tompitts/dphil/CanopyAI2/.venv/lib/python3.10/site-packages/modal/runner.py", line 66, in _heartbeat
    await client.stub.AppHeartbeat(request, retry=Retry(attempt_timeout=HEARTBEAT_TIMEOUT))
  File "/Users/tompitts/dphil/CanopyAI2/.venv/lib/python3.10/site-packages/modal/_grpc_client.py", line 129, in __call__
    return await _retry_transient_errors(
  File "/Users/tompitts/dphil/CanopyAI2/.venv/lib/python3.10/site-packages/modal/_utils/grpc_utils.py", line 606, in _retry_transient_errors
    process_exception_before_retry(
  File "/Users/tompitts/dphil/CanopyAI2/.venv/lib/python3.10/site-packages/modal/_utils/grpc_utils.py", line 462, in process_exception_before_retry
    raise exc
  File "/Users/tompitts/dphil/CanopyAI2/.venv/lib/python3.10/site-packages/modal/_utils/grpc_utils.py", line 533, in _retry_transient_errors
    return await fn_callable(req, metadata=attempt_metadata, timeout=timeout)
  File "/Users/tompitts/dphil/CanopyAI2/.venv/lib/python3.10/site-packages/modal/_grpc_client.py", line 159, in direct
    return await self.client._call_unary(self.wrapped_method, req, timeout=timeout, metadata=metadata)
  File "/Users/tompitts/dphil/CanopyAI2/.venv/lib/python3.10/site-packages/modal/client.py", line 380, in _call_unary
    return await self._call_safely(coro, grpclib_method.name)
  File "/Users/tompitts/dphil/CanopyAI2/.venv/lib/python3.10/site-packages/modal/client.py", line 337, in _call_safely
    return await request_task
  File "/Users/tompitts/dphil/CanopyAI2/.venv/lib/python3.10/site-packages/grpclib/client.py", line 912, in __call__
    await stream.send_message(message, end=True)
  File "/Users/tompitts/dphil/CanopyAI2/.venv/lib/python3.10/site-packages/grpclib/client.py", line 242, in send_message
    await self.send_request()
  File "/Users/tompitts/dphil/CanopyAI2/.venv/lib/python3.10/site-packages/grpclib/client.py", line 175, in send_request
    stream = protocol.processor.connection\
  File "/Users/tompitts/dphil/CanopyAI2/.venv/lib/python3.10/site-packages/grpclib/protocol.py", line 208, in create_stream
    return Stream(self, self._connection, self._transport,
AttributeError: 'Connection' object has no attribute '_transport'
╭─ Error ──────────────────────────────────────────────────────────────────────╮
│ 'Connection' object has no attribute '_transport'                            │
╰──────────────────────────────────────────────────────────────────────────────╯
