Note that running a local entrypoint in detached mode only keeps the last triggered Modal function alive after the parent process has been killed or disconnected.
✓ Initialized. View run at 
https://modal.com/apps/tomdpitts/main/ap-SE6PrBVUwzgzAorA2hpOYP
✓ Created objects.
├── 🔨 Created mount 
│   /Users/tompitts/dphil/CanopyAI2/boxinst_commonality_tcd_04/modal_tcd_multise
│   ed/phase4_collapse/collapse_modal.py
├── 🔨 Created mount 
│   /Users/tompitts/dphil/CanopyAI2/boxinst_commonality_tcd_04/modal_tcd_multise
│   ed/phase4/stubs/boxinst_tcd/prepare.py
├── 🔨 Created mount 
│   /Users/tompitts/dphil/CanopyAI2/boxinst_commonality_tcd_04/modal_tcd_multise
│   ed/phase4/stubs/boxinst_tcd/cache.py
├── 🔨 Created mount 
│   /Users/tompitts/dphil/CanopyAI2/boxinst_commonality_tcd_04/modal_tcd_multise
│   ed/phase4/stubs/boxinst_tcd/build_canopy.py
├── 🔨 Created mount 
│   /Users/tompitts/dphil/CanopyAI2/boxinst_commonality_tcd_04/modal_tcd_multise
│   ed/phase4/stubs/boxinst_tcd/__init__.py
├── 🔨 Created mount 
│   /Users/tompitts/dphil/CanopyAI2/boxinst_commonality_tcd_04/modal_tcd_multise
│   ed/phase4/stubs/boxinst_commonality/em.py
├── 🔨 Created mount 
│   /Users/tompitts/dphil/CanopyAI2/boxinst_commonality_tcd_04/modal_tcd_multise
│   ed/phase4/stubs/boxinst_commonality/__init__.py
├── 🔨 Created mount 
│   /Users/tompitts/dphil/CanopyAI2/boxinst_commonality_tcd_04/modal_tcd_multise
│   ed/phase4/stubs/boxinst/__init__.py
├── 🔨 Created mount 
│   /Users/tompitts/dphil/CanopyAI2/boxinst_commonality_tcd_04/modal_tcd_multise
│   ed/phase4_collapse/__init__.py
├── 🔨 Created mount 
│   /Users/tompitts/dphil/CanopyAI2/boxinst_commonality_tcd_04/modal_tcd_multise
│   ed/phase4_collapse/collapse_lib.py
├── 🔨 Created mount 
│   /Users/tompitts/dphil/CanopyAI2/boxinst_commonality_tcd_04/modal_tcd_multise
│   ed/phase4/stubs/boxinst/cache_feats.py
├── 🔨 Created mount 
│   /Users/tompitts/dphil/CanopyAI2/boxinst_commonality_tcd_04/modal_tcd_multise
│   ed/phase4/val_gt.json
├── 🔨 Created mount 
│   /Users/tompitts/dphil/CanopyAI2/boxinst_commonality_tcd_04/modal_tcd_multise
│   ed/phase4/manifest.json
├── 🔨 Created mount 
│   /Users/tompitts/dphil/CanopyAI2/boxinst_commonality_tcd_04/modal_tcd_multise
│   ed/phase4/phase4_fit_tcd.py
├── 🔨 Created mount 
│   /Users/tompitts/dphil/CanopyAI2/boxinst_commonality_tcd_04/modal_tcd_multise
│   ed/phase4/phase4_lib_tcd.py
├── 🔨 Created mount 
│   /Users/tompitts/dphil/CanopyAI2/boxinst_commonality_tcd_04/modal_tcd_multise
│   ed/phase4/phase4_features_tcd.py
├── 🔨 Created mount 
│   /Users/tompitts/dphil/CanopyAI2/boxinst_commonality_tcd_04/modal_tcd_multise
│   ed/__init__.py
├── 🔨 Created mount 
│   /Users/tompitts/dphil/CanopyAI2/boxinst_commonality_tcd_04/modal_tcd_multise
│   ed/phase4/__init__.py
├── 🔨 Created mount 
│   /Users/tompitts/dphil/CanopyAI2/boxinst_commonality_tcd_04/vault/em_model.np
│   z
├── 🔨 Created mount 
│   /Users/tompitts/dphil/CanopyAI2/boxinst_commonality_tcd_04/train_tiles_gt.js
│   on
├── 🔨 Created mount 
│   /Users/tompitts/dphil/CanopyAI2/boxinst_commonality_tcd_04/test_gt.json
├── 🔨 Created mount 
│   /Users/tompitts/dphil/CanopyAI2/boxinst_commonality_tcd_04/cache_train_tiles
│   .py
├── 🔨 Created mount 
│   /Users/tompitts/dphil/CanopyAI2/boxinst_commonality_tcd_04/prepare_test.py
├── 🔨 Created mount 
│   /Users/tompitts/dphil/CanopyAI2/boxinst_commonality_tcd_04/em.py
├── 🔨 Created mount 
│   /Users/tompitts/dphil/CanopyAI2/boxinst_commonality_tcd_04/cache_test.py
├── 🔨 Created mount 
│   /Users/tompitts/dphil/CanopyAI2/boxinst_commonality_tcd_04/evaluate.py
├── 🔨 Created mount 
│   /Users/tompitts/dphil/CanopyAI2/boxinst_commonality_tcd_04/train_detector_ti
│   les.py
├── 🔨 Created mount 
│   /Users/tompitts/dphil/CanopyAI2/boxinst_commonality_tcd_04/detector.py
├── 🔨 Created mount 
│   /Users/tompitts/dphil/CanopyAI2/boxinst_commonality_tcd_04/__init__.py
├── 🔨 Created mount /Users/tompitts/dphil/CanopyAI2/dapt/eval.py
├── 🔨 Created mount /Users/tompitts/dphil/CanopyAI2/dapt/head.py
├── 🔨 Created mount /Users/tompitts/dphil/CanopyAI2/dapt/decode.py
├── 🔨 Created mount /Users/tompitts/dphil/CanopyAI2/dapt/targets.py
├── 🔨 Created mount /Users/tompitts/dphil/CanopyAI2/dapt/backbone.py
├── 🔨 Created mount /Users/tompitts/dphil/CanopyAI2/dapt/__init__.py
├── 🔨 Created function _fit_one.
└── 🔨 Created function _eval_one.
[eval_grid] val: 108 tiles, none seen by the masker fit (partition filter verified)
[eval_boxsource] gt boxes, 108 tiles, em=em_model_4p_fix.npz
[eval_boxsource] gt boxes, 108 tiles, em=em_model_4p_b0_fix.npz
[eval_boxsource] pred boxes, 108 tiles, em=em_model_4p_b0_fix.npz
[eval_boxsource] pred boxes, 108 tiles, em=em_model_4p_fix.npz
    25/108
    25/108
    50/108
    50/108
    75/108
    75/108
    25/108
    100/108
    100/108
    25/108
    108/108
    108/108
    50/108
    75/108
    50/108
  -> crownIoU 0.7402  AP50 0.9678  AP50-95 0.4279
  -> crownIoU 0.7885  AP50 0.9666  AP50-95 0.5303
    100/108
    108/108
    75/108
    100/108
    108/108
  -> crownIoU 0.7193  AP50 0.6392  AP50-95 0.268
  -> crownIoU 0.6717  AP50 0.5941  AP50-95 0.2063

arm                 crownIoU     AP50   AP50-95  nTile
b0_gt_all             0.7402   0.9678    0.4279    108
b0_pred_all           0.6717   0.5941    0.2063    108
b05_gt_all            0.7885   0.9666    0.5303    108
b05_pred_all          0.7193   0.6392    0.2680    108

GATE G2 (mean crown IoU, beta=0 -> beta=0.5):
  [all  ] GT-box delta +0.0483   predicted-box delta +0.0476   -> no flip -- same sign
  Judge both deltas against the Stage-1 noise floor before believing either.
Runner terminated.
✓ App completed. View run at 
https://modal.com/apps/tomdpitts/main/ap-SE6PrBVUwzgzAorA2hpOYP
