✓ Initialized. View run at 
https://modal.com/apps/tomdpitts/main/ap-ebHrPHrsQoMcyj5bhi1uU8
✓ Created objects.
├── 🔨 Created mount 
│   /Users/tompitts/dphil/CanopyAI2/boxinst_commonality_tcd_04/detectree2_baseli
│   ne/detectree2_modal.py
├── 🔨 Created mount 
│   /Users/tompitts/dphil/CanopyAI2/data/tcd_sparse/sparse_gt.json
├── 🔨 Created mount 
│   /Users/tompitts/dphil/CanopyAI2/boxinst_commonality_tcd_04/modal_sparse_tcd_
│   multiseed/manifest_sparse.json
├── 🔨 Created mount 
│   /Users/tompitts/dphil/CanopyAI2/boxinst_commonality_tcd_04/test_gt.json
├── 🔨 Created mount 
│   /Users/tompitts/dphil/CanopyAI2/boxinst_commonality_tcd_04/detectree2_baseli
│   ne/dt2_recipe.py
├── 🔨 Created mount 
│   /Users/tompitts/dphil/CanopyAI2/boxinst_commonality_tcd_04/modal_tcd_multise
│   ed/phase4/manifest.json
├── 🔨 Created mount 
│   /Users/tompitts/dphil/CanopyAI2/boxinst_commonality_tcd_04/detectree2_baseli
│   ne/build_coco.py
├── 🔨 Created mount 
│   /Users/tompitts/dphil/CanopyAI2/boxinst_commonality_tcd_04/train_tiles_gt.js
│   on
├── 🔨 Created mount 
│   /Users/tompitts/dphil/CanopyAI2/boxinst_commonality_tcd_04/detectree2_baseli
│   ne/stitch.py
├── 🔨 Created function build_shard.
├── 🔨 Created function build_data.
├── 🔨 Created function build_shard_sparse.
├── 🔨 Created function build_data_sparse.
├── 🔨 Created function build_test_fullcov.
├── 🔨 Created function validate_data.
├── 🔨 Created function stitch_cpu.
├── 🔨 Created function fetch_weights.
├── 🔨 Created function imports_ok.
├── 🔨 Created function train.
└── 🔨 Created function predict.
[build_test_fullcov] 439 tiles, 3189/3951 subtiles present
Using the latest cached version of the dataset since restor/tcd couldn't be found on the Hugging Face Hub (offline mode is enabled).
Found the latest cached dataset configuration 'default' at /hfdata/hf_cache/datasets/restor___tcd/default/0.0.0/d97d4da0ebbb6e249ae95ac5e19656babd972eb2 (last modified on Tue Jun  9 02:57:23 2026).
Using the latest cached version of the dataset since restor/tcd couldn't be found on the Hugging Face Hub (offline mode is enabled).
Found the latest cached dataset configuration 'default' at /hfdata/hf_cache/datasets/restor___tcd/default/0.0.0/d97d4da0ebbb6e249ae95ac5e19656babd972eb2 (last modified on Tue Jun  9 02:57:23 2026).
Using the latest cached version of the dataset since restor/tcd couldn't be found on the Hugging Face Hub (offline mode is enabled).
Using the latest cached version of the dataset since restor/tcd couldn't be found on the Hugging Face Hub (offline mode is enabled).
Found the latest cached dataset configuration 'default' at /hfdata/hf_cache/datasets/restor___tcd/default/0.0.0/d97d4da0ebbb6e249ae95ac5e19656babd972eb2 (last modified on Tue Jun  9 02:57:23 2026).
Using the latest cached version of the dataset since restor/tcd couldn't be found on the Hugging Face Hub (offline mode is enabled).
Found the latest cached dataset configuration 'default' at /hfdata/hf_cache/datasets/restor___tcd/default/0.0.0/d97d4da0ebbb6e249ae95ac5e19656babd972eb2 (last modified on Tue Jun  9 02:57:23 2026).
Found the latest cached dataset configuration 'default' at /hfdata/hf_cache/datasets/restor___tcd/default/0.0.0/d97d4da0ebbb6e249ae95ac5e19656babd972eb2 (last modified on Tue Jun  9 02:57:23 2026).
Using the latest cached version of the dataset since restor/tcd couldn't be found on the Hugging Face Hub (offline mode is enabled).
Found the latest cached dataset configuration 'default' at /hfdata/hf_cache/datasets/restor___tcd/default/0.0.0/d97d4da0ebbb6e249ae95ac5e19656babd972eb2 (last modified on Tue Jun  9 02:57:23 2026).
Using the latest cached version of the dataset since restor/tcd couldn't be found on the Hugging Face Hub (offline mode is enabled).
Found the latest cached dataset configuration 'default' at /hfdata/hf_cache/datasets/restor___tcd/default/0.0.0/d97d4da0ebbb6e249ae95ac5e19656babd972eb2 (last modified on Tue Jun  9 02:57:23 2026).
Using the latest cached version of the dataset since restor/tcd couldn't be found on the Hugging Face Hub (offline mode is enabled).
Found the latest cached dataset configuration 'default' at /hfdata/hf_cache/datasets/restor___tcd/default/0.0.0/d97d4da0ebbb6e249ae95ac5e19656babd972eb2 (last modified on Tue Jun  9 02:57:23 2026).
Using the latest cached version of the dataset since restor/tcd couldn't be found on the Hugging Face Hub (offline mode is enabled).
Found the latest cached dataset configuration 'default' at /hfdata/hf_cache/datasets/restor___tcd/default/0.0.0/d97d4da0ebbb6e249ae95ac5e19656babd972eb2 (last modified on Tue Jun  9 02:57:23 2026).
Using the latest cached version of the dataset since restor/tcd couldn't be found on the Hugging Face Hub (offline mode is enabled).
Found the latest cached dataset configuration 'default' at /hfdata/hf_cache/datasets/restor___tcd/default/0.0.0/d97d4da0ebbb6e249ae95ac5e19656babd972eb2 (last modified on Tue Jun  9 02:57:23 2026).
Using the latest cached version of the dataset since restor/tcd couldn't be found on the Hugging Face Hub (offline mode is enabled).
Found the latest cached dataset configuration 'default' at /hfdata/hf_cache/datasets/restor___tcd/default/0.0.0/d97d4da0ebbb6e249ae95ac5e19656babd972eb2 (last modified on Tue Jun  9 02:57:23 2026).
Using the latest cached version of the dataset since restor/tcd couldn't be found on the Hugging Face Hub (offline mode is enabled).
Using the latest cached version of the dataset since restor/tcd couldn't be found on the Hugging Face Hub (offline mode is enabled).
Found the latest cached dataset configuration 'default' at /hfdata/hf_cache/datasets/restor___tcd/default/0.0.0/d97d4da0ebbb6e249ae95ac5e19656babd972eb2 (last modified on Tue Jun  9 02:57:23 2026).
Found the latest cached dataset configuration 'default' at /hfdata/hf_cache/datasets/restor___tcd/default/0.0.0/d97d4da0ebbb6e249ae95ac5e19656babd972eb2 (last modified on Tue Jun  9 02:57:23 2026).
Using the latest cached version of the dataset since restor/tcd couldn't be found on the Hugging Face Hub (offline mode is enabled).
Found the latest cached dataset configuration 'default' at /hfdata/hf_cache/datasets/restor___tcd/default/0.0.0/d97d4da0ebbb6e249ae95ac5e19656babd972eb2 (last modified on Tue Jun  9 02:57:23 2026).
Using the latest cached version of the dataset since restor/tcd couldn't be found on the Hugging Face Hub (offline mode is enabled).
Found the latest cached dataset configuration 'default' at /hfdata/hf_cache/datasets/restor___tcd/default/0.0.0/d97d4da0ebbb6e249ae95ac5e19656babd972eb2 (last modified on Tue Jun  9 02:57:23 2026).
Using the latest cached version of the dataset since restor/tcd couldn't be found on the Hugging Face Hub (offline mode is enabled).
Found the latest cached dataset configuration 'default' at /hfdata/hf_cache/datasets/restor___tcd/default/0.0.0/d97d4da0ebbb6e249ae95ac5e19656babd972eb2 (last modified on Tue Jun  9 02:57:23 2026).
Using the latest cached version of the dataset since restor/tcd couldn't be found on the Hugging Face Hub (offline mode is enabled).
Found the latest cached dataset configuration 'default' at /hfdata/hf_cache/datasets/restor___tcd/default/0.0.0/d97d4da0ebbb6e249ae95ac5e19656babd972eb2 (last modified on Tue Jun  9 02:57:23 2026).
Using the latest cached version of the dataset since restor/tcd couldn't be found on the Hugging Face Hub (offline mode is enabled).
Found the latest cached dataset configuration 'default' at /hfdata/hf_cache/datasets/restor___tcd/default/0.0.0/d97d4da0ebbb6e249ae95ac5e19656babd972eb2 (last modified on Tue Jun  9 02:57:23 2026).
Using the latest cached version of the dataset since restor/tcd couldn't be found on the Hugging Face Hub (offline mode is enabled).
Found the latest cached dataset configuration 'default' at /hfdata/hf_cache/datasets/restor___tcd/default/0.0.0/d97d4da0ebbb6e249ae95ac5e19656babd972eb2 (last modified on Tue Jun  9 02:57:23 2026).
Using the latest cached version of the dataset since restor/tcd couldn't be found on the Hugging Face Hub (offline mode is enabled).
Found the latest cached dataset configuration 'default' at /hfdata/hf_cache/datasets/restor___tcd/default/0.0.0/d97d4da0ebbb6e249ae95ac5e19656babd972eb2 (last modified on Tue Jun  9 02:57:23 2026).
[build_test_fullcov] wrote 3951; on volume: 3951
✓ App completed. View run at 
https://modal.com/apps/tomdpitts/main/ap-ebHrPHrsQoMcyj5bhi1uU8
