[score_coco] rasterising GT at 2048^2 (once, shared) ...
[score_coco] preds_lace_s2_r2048_tau040_detscore.json: 177598 dets >= 0.05
creating index...
index created!
Loading and preparing results...
DONE (t=0.04s)
creating index...
index created!
Running per image evaluation...
Evaluate annotation type *segm*
DONE (t=17.98s).
Accumulating evaluation results...
DONE (t=0.11s).
creating index...
index created!
Loading and preparing results...
DONE (t=0.04s)
creating index...
index created!
Running per image evaluation...
Evaluate annotation type *segm*
DONE (t=24.27s).
Accumulating evaluation results...
DONE (t=0.12s).
creating index...
index created!
Loading and preparing results...
DONE (t=0.04s)
creating index...
index created!
Running per image evaluation...
Evaluate annotation type *bbox*
DONE (t=23.71s).
Accumulating evaluation results...
DONE (t=0.11s).
{
  "preds_file": "boxinst_commonality_tcd_04/native_raster/preds_lace_s2_r2048_tau040_detscore.json",
  "model": "LACE s2 (s.p.m product) 439, re-rendered at native 2048, tau=0.040",
  "protocol": {
    "scorer": "pycocotools COCOeval",
    "res": 2048,
    "max_dets": 600,
    "score_floor": 0.05,
    "n_tiles": 439,
    "iou_thrs": "linspace(0.5,0.95,10)",
    "rec_thrs": 101,
    "area_rng": "all only"
  },
  "n_gt_trees": 25705,
  "canopy_fp": {
    "mask": {
      "AP50": 0.4607,
      "AP75": 0.0883,
      "AP50_95": 0.1822,
      "n_det": 177598
    }
  },
  "canopy_neutral_crowd": {
    "mask": {
      "AP50": 0.5953,
      "AP75": 0.1063,
      "AP50_95": 0.2304,
      "n_det": 177598
    },
    "box": {
      "AP50": 0.6425,
      "AP75": 0.1754,
      "AP50_95": 0.2732,
      "n_det": 177598
    }
  },
  "canopy_neutral_legacy": {
    "mask": {
      "AP50": 0.5953,
      "AP75": 0.1072,
      "AP50_95": 0.2309,
      "n_gt": 25705
    }
  }
}

-> boxinst_commonality_tcd_04/native_raster/scored_lace_s2_r2048_tau040_detscore.json
