[score_coco] rasterising GT at 2048^2 (once, shared) ...
[score_coco] preds_lace_sparse_s2_r2048_tau040_detscore.json: 90526 dets >= 0.05
creating index...
index created!
Loading and preparing results...
DONE (t=0.02s)
creating index...
index created!
Running per image evaluation...
Evaluate annotation type *segm*
DONE (t=9.89s).
Accumulating evaluation results...
DONE (t=0.06s).
creating index...
index created!
Loading and preparing results...
DONE (t=0.02s)
creating index...
index created!
Running per image evaluation...
Evaluate annotation type *segm*
DONE (t=12.12s).
Accumulating evaluation results...
DONE (t=0.06s).
creating index...
index created!
Loading and preparing results...
DONE (t=0.02s)
creating index...
index created!
Running per image evaluation...
Evaluate annotation type *bbox*
DONE (t=11.93s).
Accumulating evaluation results...
DONE (t=0.06s).
{
  "preds_file": "boxinst_commonality_tcd_04/native_raster/preds_lace_sparse_s2_r2048_tau040_detscore.json",
  "model": "LACE s2 (s.p.m product) sparse-236, re-rendered at native 2048, tau=0.040",
  "protocol": {
    "scorer": "pycocotools COCOeval",
    "res": 2048,
    "max_dets": 600,
    "score_floor": 0.05,
    "n_tiles": 236,
    "iou_thrs": "linspace(0.5,0.95,10)",
    "rec_thrs": 101,
    "area_rng": "all only"
  },
  "n_gt_trees": 14937,
  "canopy_fp": {
    "mask": {
      "AP50": 0.5745,
      "AP75": 0.1626,
      "AP50_95": 0.2483,
      "n_det": 90526
    }
  },
  "canopy_neutral_crowd": {
    "mask": {
      "AP50": 0.6267,
      "AP75": 0.1717,
      "AP50_95": 0.268,
      "n_det": 90526
    },
    "box": {
      "AP50": 0.6476,
      "AP75": 0.21,
      "AP50_95": 0.2918,
      "n_det": 90526
    }
  },
  "canopy_neutral_legacy": {
    "mask": {
      "AP50": 0.6267,
      "AP75": 0.172,
      "AP50_95": 0.2681,
      "n_gt": 14937
    }
  }
}

-> boxinst_commonality_tcd_04/native_raster/scored_lace_sparse_s2_r2048_tau040_detscore.json
