[score_coco] rasterising GT at 512^2 (once, shared) ...
[score_coco] knobbed_s0.json: 159687 dets >= 0.05
creating index...
index created!
Loading and preparing results...
DONE (t=0.03s)
creating index...
index created!
Running per image evaluation...
Evaluate annotation type *segm*
DONE (t=16.84s).
Accumulating evaluation results...
DONE (t=0.10s).
creating index...
index created!
Loading and preparing results...
DONE (t=0.03s)
creating index...
index created!
Running per image evaluation...
Evaluate annotation type *segm*
DONE (t=22.69s).
Accumulating evaluation results...
DONE (t=0.10s).
creating index...
index created!
Loading and preparing results...
DONE (t=0.03s)
creating index...
index created!
Running per image evaluation...
Evaluate annotation type *bbox*
DONE (t=23.09s).
Accumulating evaluation results...
DONE (t=0.11s).
{
  "preds_file": "boxinst_commonality_tcd_04/modal_tcd_multiseed/phase4/preds/knobbed_s0.json",
  "model": "4phase_L24 detector + \u03b2=0 self-mask masker",
  "protocol": {
    "scorer": "pycocotools COCOeval",
    "res": 512,
    "max_dets": 600,
    "score_floor": 0.05,
    "n_tiles": 439,
    "iou_thrs": "linspace(0.5,0.95,10)",
    "rec_thrs": 101,
    "area_rng": "all only"
  },
  "n_gt_trees": 25705,
  "canopy_fp": {
    "mask": {
      "AP50": 0.4867,
      "AP75": 0.1189,
      "AP50_95": 0.2049,
      "n_det": 159687
    }
  },
  "canopy_neutral_crowd": {
    "mask": {
      "AP50": 0.625,
      "AP75": 0.1433,
      "AP50_95": 0.2578,
      "n_det": 159687
    },
    "box": {
      "AP50": 0.6211,
      "AP75": 0.1086,
      "AP50_95": 0.2361,
      "n_det": 159687
    }
  },
  "canopy_neutral_legacy": {
    "mask": {
      "AP50": 0.625,
      "AP75": 0.1445,
      "AP50_95": 0.2585,
      "n_gt": 25705
    }
  }
}

-> boxinst_commonality_tcd_04/native_raster/scored_lace_s0_r512_detscore.json
