[score_coco] rasterising GT at 2048^2 (once, shared) ...
[score_coco] preds_lace_s0_r2048_bilinear_tau040_guidedrun.json: 159687 dets >= 0.0
creating index...
index created!
Loading and preparing results...
DONE (t=0.03s)
creating index...
index created!
Running per image evaluation...
Evaluate annotation type *segm*
DONE (t=17.75s).
Accumulating evaluation results...
DONE (t=0.11s).
creating index...
index created!
Loading and preparing results...
DONE (t=0.03s)
creating index...
index created!
Running per image evaluation...
Evaluate annotation type *segm*
DONE (t=23.75s).
Accumulating evaluation results...
DONE (t=0.11s).
creating index...
index created!
Loading and preparing results...
DONE (t=0.03s)
creating index...
index created!
Running per image evaluation...
Evaluate annotation type *bbox*
DONE (t=23.06s).
Accumulating evaluation results...
DONE (t=0.12s).
{
  "preds_file": "boxinst_commonality_tcd_04/native_raster/preds_lace_s0_r2048_bilinear_tau040_guidedrun.json",
  "model": "LACE s0, bilinear_tau040 (lace_guided_modal, prereg 2026-10-07)",
  "protocol": {
    "scorer": "pycocotools COCOeval",
    "res": 2048,
    "max_dets": 600,
    "score_floor": 0.0,
    "n_tiles": 439,
    "iou_thrs": "linspace(0.5,0.95,10)",
    "rec_thrs": 101,
    "area_rng": "all only"
  },
  "n_gt_trees": 25705,
  "canopy_fp": {
    "mask": {
      "AP50": 0.4849,
      "AP75": 0.1181,
      "AP50_95": 0.2034,
      "n_det": 159687
    }
  },
  "canopy_neutral_crowd": {
    "mask": {
      "AP50": 0.6324,
      "AP75": 0.1397,
      "AP50_95": 0.2577,
      "n_det": 159687
    },
    "box": {
      "AP50": 0.6748,
      "AP75": 0.1994,
      "AP50_95": 0.2962,
      "n_det": 159687
    }
  },
  "canopy_neutral_legacy": {
    "mask": {
      "AP50": 0.6324,
      "AP75": 0.1404,
      "AP50_95": 0.2581,
      "n_gt": 25705
    }
  }
}

-> boxinst_commonality_tcd_04/native_raster/scored_lace_s0_r2048_bilinear_tau040_guidedrun.json
